---- Install ----
base   = 005C0000
onMake = 0089CE10
patch techview = 1, orig = 0096BD70
patch decision = 1, orig = 00BF1490  (ожидаем 00BB1490)
DllMain: attach, Install = 1
SetupButton: subscribed, view=5D69FA18 button=6F762780
FireDecision: calling 0089CE10 with elem 731B0FEC
FireDecision: returned
---- Install ----
base   = 005C0000
onMake = 0089CE10
patch techview = 1, orig = 0096BD70
patch decision = 1, orig = 00BF1490  (ожидаем 00BF1490)
DllMain: attach, Install = 1
SetupButton: subscribed, view=5D19D610 button=6F70A548
FireDecision: calling 0089CE10 with elem 731B0FEC
FireDecision: returned
---- Install ----
base   = 005C0000
onMake = 0089CE10
patch techview = 1, orig = 0096BD70
patch decision = 1, orig = 00BF1490  (ожидаем 00BF1490)
DllMain: attach, Install = 1
IsValid: 'host_i_am_host_dec' exec=0 match=0
IsValid: 'host_i_am_not_host_dec' exec=0 match=0
IsValid: 'host_show_host_decisions_dec' exec=0 match=0
IsValid: 'player_selectMe_dec' exec=0 match=0
IsValid: 'province_selector_event_dec' exec=0 match=0
IsValid: '1836_setup_dec' exec=0 match=0
IsValid: '1836_tech_groups_dec' exec=0 match=0
IsValid: 'governments_assistance_dec' exec=0 match=0
IsValid: 'pop_construction_dec' exec=0 match=0
IsValid: 'help_decision_dec' exec=0 match=0
IsValid: 'exchange_settings_dec' exec=0 match=0
IsValid: 'force_reform_dec' exec=0 match=0
IsValid: 'martial_law_activate_dec' exec=0 match=0
IsValid: 'martial_law_deactivate_dec' exec=0 match=0
IsValid: 'med_reform_0_to_1_dec' exec=0 match=0
IsValid: 'med_reform_1_to_0_dec' exec=0 match=0
IsValid: 'med_reform_1_to_2_dec' exec=0 match=0
IsValid: 'med_reform_2_to_1_dec' exec=0 match=0
IsValid: 'med_reform_2_to_3_dec' exec=0 match=0
IsValid: 'med_reform_3_to_2_dec' exec=0 match=0
IsValid: 'med_reform_3_to_4_dec' exec=0 match=0
IsValid: 'med_reform_4_to_3_dec' exec=0 match=0
IsValid: 'capitulate_dec' exec=0 match=0
IsValid: 'deoccupy_dec' exec=0 match=0
IsValid: 'revoke_voting_dec' exec=0 match=0
IsValid: 'vassal_interaction_dec' exec=0 match=0
IsValid: 'education_schools_low_dec' exec=0 match=0
IsValid: 'expeditions_menu_dec' exec=0 match=0
IsValid: 'mop_found_dec' exec=0 match=0
IsValid: 'mop_open_dec' exec=0 match=0
IsValid: 'open_research_projects_dec' exec=0 match=0
IsValid: 'selector_cancel_immigration_dec' exec=0 match=0
IsValid: 'annex_cambodia_dec' exec=0 match=0
IsValid: 'enact_dual_monarchy' exec=0 match=0
IsValid: 'czech_industrialism_dec' exec=0 match=0
IsValid: 'the_grunderzeit' exec=0 match=0
IsValid: 'subjugate_balkans_dec' exec=0 match=0
IsValid: 'annex_krakow_dec' exec=0 match=0
IsValid: 'eliminate_lom_ven_kingdom_dec' exec=0 match=0
IsValid: 'subjugate_south_germans_dec' exec=0 match=0
SetupButton: subscribed, view=5D67F8C8 button=5E184598
FireDecision: calling 0089CE10 with elem 731B0FEC
FireDecision: returned
---- Install ----
base   = 005C0000
onMake = 0089CE10
patch techview = 1, orig = 0096BD70
patch decision = 1, orig = 00BF1490  (ожидаем 00BF1490)
DllMain: attach, Install = 1
---- Install ----
base   = 005C0000
onMake = 0089CE10
patch techview = 1, orig = 0096BD70
patch decision = 1, orig = 00BF1490  (ожидаем 00BF1490)
DllMain: attach, Install = 1
IsValid: 'host_i_am_host_dec' exec=0 match=0
IsValid: 'host_i_am_not_host_dec' exec=0 match=0
IsValid: 'host_show_host_decisions_dec' exec=0 match=0
IsValid: 'player_selectMe_dec' exec=0 match=0
IsValid: 'province_selector_event_dec' exec=0 match=0
IsValid: '1836_setup_dec' exec=0 match=0
IsValid: '1836_tech_groups_dec' exec=0 match=0
IsValid: 'governments_assistance_dec' exec=0 match=0
IsValid: 'pop_construction_dec' exec=0 match=0
IsValid: 'help_decision_dec' exec=0 match=0
IsValid: 'exchange_settings_dec' exec=0 match=0
IsValid: 'force_reform_dec' exec=0 match=0
IsValid: 'martial_law_activate_dec' exec=0 match=0
IsValid: 'martial_law_deactivate_dec' exec=0 match=0
IsValid: 'med_reform_0_to_1_dec' exec=0 match=0
IsValid: 'med_reform_1_to_0_dec' exec=0 match=0
IsValid: 'med_reform_1_to_2_dec' exec=0 match=0
IsValid: 'med_reform_2_to_1_dec' exec=0 match=0
IsValid: 'med_reform_2_to_3_dec' exec=0 match=0
IsValid: 'med_reform_3_to_2_dec' exec=0 match=0
IsValid: 'med_reform_3_to_4_dec' exec=0 match=0
IsValid: 'med_reform_4_to_3_dec' exec=0 match=0
IsValid: 'capitulate_dec' exec=0 match=0
IsValid: 'deoccupy_dec' exec=0 match=0
IsValid: 'revoke_voting_dec' exec=0 match=0
IsValid: 'vassal_interaction_dec' exec=0 match=0
IsValid: 'education_schools_low_dec' exec=0 match=0
IsValid: 'expeditions_menu_dec' exec=0 match=0
IsValid: 'mop_found_dec' exec=0 match=0
IsValid: 'mop_open_dec' exec=0 match=0
IsValid: 'open_research_projects_dec' exec=0 match=0
IsValid: 'selector_cancel_immigration_dec' exec=0 match=0
IsValid: 'annex_cambodia_dec' exec=0 match=0
IsValid: 'enact_dual_monarchy' exec=0 match=0
IsValid: 'czech_industrialism_dec' exec=0 match=0
IsValid: 'the_grunderzeit' exec=0 match=0
IsValid: 'subjugate_balkans_dec' exec=0 match=0
IsValid: 'annex_krakow_dec' exec=0 match=0
IsValid: 'eliminate_lom_ven_kingdom_dec' exec=0 match=0
IsValid: 'subjugate_south_germans_dec' exec=0 match=0
SetupButton: subscribed, view=60026CF8 button=60BB9EB0
FireDecision: calling 0089CE10 with elem 731B0FEC
FireDecision: returned
---- Install ----
base   = 005C0000
onMake = 0089CE10
patch techview = 1, orig = 0096BD70
patch decision = 1, orig = 00BF1490  (ожидаем 00BF1490)
DllMain: attach, Install = 1
IsValid: 'open_academy_decisions_dec' exec=0
IsValid: 'open_academy_decisions_dec' exec=0
IsValid: 'open_academy_decisions_dec' exec=0
IsValid: 'open_academy_decisions_dec' exec=0
IsValid: 'open_academy_decisions_dec' exec=0
IsValid: 'open_academy_decisions_dec' exec=0
IsValid: 'open_academy_decisions_dec' exec=0
IsValid: 'open_academy_decisions_dec' exec=0
IsValid: 'open_academy_decisions_dec' exec=0
IsValid: 'open_academy_decisions_dec' exec=0
IsValid: 'open_academy_decisions_dec' exec=0
IsValid: 'open_academy_decisions_dec' exec=0
IsValid: 'open_academy_decisions_dec' exec=0
IsValid: 'open_academy_decisions_dec' exec=0
IsValid: 'open_academy_decisions_dec' exec=0
IsValid: 'open_academy_decisions_dec' exec=0
IsValid: 'open_academy_decisions_dec' exec=0
IsValid: 'open_academy_decisions_dec' exec=0
IsValid: 'open_academy_decisions_dec' exec=0
IsValid: 'open_academy_decisions_dec' exec=0
IsValid: 'open_academy_decisions_dec' exec=0
IsValid: 'open_academy_decisions_dec' exec=0
IsValid: 'open_academy_decisions_dec' exec=0
IsValid: 'open_academy_decisions_dec' exec=0
IsValid: 'open_academy_decisions_dec' exec=0
IsValid: 'open_academy_decisions_dec' exec=0
IsValid: 'open_academy_decisions_dec' exec=0
IsValid: 'open_academy_decisions_dec' exec=0
IsValid: 'open_academy_decisions_dec' exec=0
IsValid: 'open_academy_decisions_dec' exec=0
IsValid: 'open_academy_decisions_dec' exec=0
IsValid: 'open_academy_decisions_dec' exec=0
IsValid: 'open_academy_decisions_dec' exec=0
IsValid: 'open_academy_decisions_dec' exec=0
IsValid: 'open_academy_decisions_dec' exec=0
IsValid: 'open_academy_decisions_dec' exec=0
IsValid: 'open_academy_decisions_dec' exec=0
IsValid: 'open_academy_decisions_dec' exec=0
IsValid: 'open_academy_decisions_dec' exec=0
IsValid: 'open_academy_decisions_dec' exec=0
SetupButton: subscribed, view=5FFC3460 button=60B9A4C0
FireDecision: calling 0089CE10 with elem 731B0FF0
FireDecision: returned
FireDecision: calling 0089CE10 with elem 731B0FF0
FireDecision: returned
---- Install ----
base   = 005C0000
onMake = 0089CE10
patch techview = 1, orig = 0096BD70
patch decision = 1, orig = 00BF1490  (ожидаем 00BF1490)
DllMain: attach, Install = 1
IsValid: 'open_academy_decisions_dec' exec=0
IsValid: 'open_academy_decisions_dec' exec=0
IsValid: 'open_academy_decisions_dec' exec=0
IsValid: 'open_academy_decisions_dec' exec=0
IsValid: 'open_academy_decisions_dec' exec=0
IsValid: 'open_academy_decisions_dec' exec=0
IsValid: 'open_academy_decisions_dec' exec=0
IsValid: 'open_academy_decisions_dec' exec=0
IsValid: 'open_academy_decisions_dec' exec=0
IsValid: 'open_academy_decisions_dec' exec=0
IsValid: 'open_academy_decisions_dec' exec=0
IsValid: 'open_academy_decisions_dec' exec=0
IsValid: 'open_academy_decisions_dec' exec=0
IsValid: 'open_academy_decisions_dec' exec=0
IsValid: 'open_academy_decisions_dec' exec=0
IsValid: 'open_academy_decisions_dec' exec=0
IsValid: 'open_academy_decisions_dec' exec=0
IsValid: 'open_academy_decisions_dec' exec=0
IsValid: 'open_academy_decisions_dec' exec=0
IsValid: 'open_academy_decisions_dec' exec=0
IsValid: 'open_academy_decisions_dec' exec=0
IsValid: 'open_academy_decisions_dec' exec=0
IsValid: 'open_academy_decisions_dec' exec=0
IsValid: 'open_academy_decisions_dec' exec=0
IsValid: 'open_academy_decisions_dec' exec=0
IsValid: 'open_academy_decisions_dec' exec=0
IsValid: 'open_academy_decisions_dec' exec=0
IsValid: 'open_academy_decisions_dec' exec=0
IsValid: 'open_academy_decisions_dec' exec=0
IsValid: 'open_academy_decisions_dec' exec=0
IsValid: 'open_academy_decisions_dec' exec=0
IsValid: 'open_academy_decisions_dec' exec=0
IsValid: 'open_academy_decisions_dec' exec=0
IsValid: 'open_academy_decisions_dec' exec=0
IsValid: 'open_academy_decisions_dec' exec=0
IsValid: 'open_academy_decisions_dec' exec=0
IsValid: 'open_academy_decisions_dec' exec=0
IsValid: 'open_academy_decisions_dec' exec=0
IsValid: 'open_academy_decisions_dec' exec=0
IsValid: 'open_academy_decisions_dec' exec=0
SetupButton: subscribed, view=5D524578 button=6F4D3D28
---- Install ----
base   = 005C0000
onMake = 0089CE10
patch techview = 1, orig = 0096BD70
patch decision = 1, orig = 00BF1490  (ожидаем 00BF1490)
DllMain: attach, Install = 1
IsValid: 'open_academy_decisions_dec' exec=0
IsValid: 'open_academy_decisions_dec' exec=0
IsValid: 'open_academy_decisions_dec' exec=0
IsValid: 'open_academy_decisions_dec' exec=0
IsValid: 'open_academy_decisions_dec' exec=0
IsValid: 'open_academy_decisions_dec' exec=0
IsValid: 'open_academy_decisions_dec' exec=0
IsValid: 'open_academy_decisions_dec' exec=0
IsValid: 'open_academy_decisions_dec' exec=0
IsValid: 'open_academy_decisions_dec' exec=0
IsValid: 'open_academy_decisions_dec' exec=0
IsValid: 'open_academy_decisions_dec' exec=0
IsValid: 'open_academy_decisions_dec' exec=0
IsValid: 'open_academy_decisions_dec' exec=0
IsValid: 'open_academy_decisions_dec' exec=0
IsValid: 'open_academy_decisions_dec' exec=0
IsValid: 'open_academy_decisions_dec' exec=0
IsValid: 'open_academy_decisions_dec' exec=0
IsValid: 'open_academy_decisions_dec' exec=0
IsValid: 'open_academy_decisions_dec' exec=0
IsValid: 'open_academy_decisions_dec' exec=0
IsValid: 'open_academy_decisions_dec' exec=0
IsValid: 'open_academy_decisions_dec' exec=0
IsValid: 'open_academy_decisions_dec' exec=0
IsValid: 'open_academy_decisions_dec' exec=0
IsValid: 'open_academy_decisions_dec' exec=0
IsValid: 'open_academy_decisions_dec' exec=0
IsValid: 'open_academy_decisions_dec' exec=0
IsValid: 'open_academy_decisions_dec' exec=0
IsValid: 'open_academy_decisions_dec' exec=0
IsValid: 'open_academy_decisions_dec' exec=0
IsValid: 'open_academy_decisions_dec' exec=0
IsValid: 'open_academy_decisions_dec' exec=0
IsValid: 'open_academy_decisions_dec' exec=0
IsValid: 'open_academy_decisions_dec' exec=0
IsValid: 'open_academy_decisions_dec' exec=0
IsValid: 'open_academy_decisions_dec' exec=0
IsValid: 'open_academy_decisions_dec' exec=0
IsValid: 'open_academy_decisions_dec' exec=0
IsValid: 'open_academy_decisions_dec' exec=0
---- Install ----
base   = 005C0000
onMake = 0089CE10
patch techview = 1, orig = 0096BD70
patch decision = 1, orig = 00BF1490  (ожидаем 00BF1490)
DllMain: attach, Install = 1
IsValid: 'open_academy_decisions_dec' exec=0
IsValid: 'open_academy_decisions_dec' exec=0
IsValid: 'open_academy_decisions_dec' exec=0
IsValid: 'open_academy_decisions_dec' exec=0
IsValid: 'open_academy_decisions_dec' exec=0
IsValid: 'open_academy_decisions_dec' exec=0
IsValid: 'open_academy_decisions_dec' exec=0
IsValid: 'open_academy_decisions_dec' exec=0
IsValid: 'open_academy_decisions_dec' exec=0
IsValid: 'open_academy_decisions_dec' exec=0
IsValid: 'open_academy_decisions_dec' exec=0
IsValid: 'open_academy_decisions_dec' exec=0
IsValid: 'open_academy_decisions_dec' exec=0
IsValid: 'open_academy_decisions_dec' exec=0
IsValid: 'open_academy_decisions_dec' exec=0
IsValid: 'open_academy_decisions_dec' exec=0
IsValid: 'open_academy_decisions_dec' exec=0
IsValid: 'open_academy_decisions_dec' exec=0
IsValid: 'open_academy_decisions_dec' exec=0
IsValid: 'open_academy_decisions_dec' exec=0
IsValid: 'open_academy_decisions_dec' exec=0
IsValid: 'open_academy_decisions_dec' exec=0
IsValid: 'open_academy_decisions_dec' exec=0
IsValid: 'open_academy_decisions_dec' exec=0
IsValid: 'open_academy_decisions_dec' exec=0
IsValid: 'open_academy_decisions_dec' exec=0
IsValid: 'open_academy_decisions_dec' exec=0
IsValid: 'open_academy_decisions_dec' exec=0
IsValid: 'open_academy_decisions_dec' exec=0
IsValid: 'open_academy_decisions_dec' exec=0
IsValid: 'open_academy_decisions_dec' exec=0
IsValid: 'open_academy_decisions_dec' exec=0
IsValid: 'open_academy_decisions_dec' exec=0
IsValid: 'open_academy_decisions_dec' exec=0
IsValid: 'open_academy_decisions_dec' exec=0
IsValid: 'open_academy_decisions_dec' exec=0
IsValid: 'open_academy_decisions_dec' exec=0
IsValid: 'open_academy_decisions_dec' exec=0
IsValid: 'open_academy_decisions_dec' exec=0
IsValid: 'open_academy_decisions_dec' exec=0
SetupButton: subscribed, view=5F3005B0 button=5C7329F8
---- Install ----
base   = 005C0000
onMake = 0089CE10
patch techview = 1, orig = 0096BD70
patch decision = 1, orig = 00BF1490  (ожидаем 00BF1490)
DllMain: attach, Install = 1
IsValid: 'open_academy_decisions_dec' exec=0
IsValid: 'open_academy_decisions_dec' exec=0
IsValid: 'open_academy_decisions_dec' exec=0
IsValid: 'open_academy_decisions_dec' exec=0
IsValid: 'open_academy_decisions_dec' exec=0
IsValid: 'open_academy_decisions_dec' exec=0
IsValid: 'open_academy_decisions_dec' exec=0
IsValid: 'open_academy_decisions_dec' exec=0
IsValid: 'open_academy_decisions_dec' exec=0
IsValid: 'open_academy_decisions_dec' exec=0
IsValid: 'open_academy_decisions_dec' exec=0
IsValid: 'open_academy_decisions_dec' exec=0
IsValid: 'open_academy_decisions_dec' exec=0
IsValid: 'open_academy_decisions_dec' exec=0
IsValid: 'open_academy_decisions_dec' exec=0
IsValid: 'open_academy_decisions_dec' exec=0
IsValid: 'open_academy_decisions_dec' exec=0
IsValid: 'open_academy_decisions_dec' exec=0
IsValid: 'open_academy_decisions_dec' exec=0
IsValid: 'open_academy_decisions_dec' exec=0
IsValid: 'open_academy_decisions_dec' exec=0
IsValid: 'open_academy_decisions_dec' exec=0
IsValid: 'open_academy_decisions_dec' exec=0
IsValid: 'open_academy_decisions_dec' exec=0
IsValid: 'open_academy_decisions_dec' exec=0
IsValid: 'open_academy_decisions_dec' exec=0
IsValid: 'open_academy_decisions_dec' exec=0
IsValid: 'open_academy_decisions_dec' exec=0
IsValid: 'open_academy_decisions_dec' exec=0
IsValid: 'open_academy_decisions_dec' exec=0
IsValid: 'open_academy_decisions_dec' exec=0
IsValid: 'open_academy_decisions_dec' exec=0
IsValid: 'open_academy_decisions_dec' exec=0
IsValid: 'open_academy_decisions_dec' exec=0
IsValid: 'open_academy_decisions_dec' exec=0
IsValid: 'open_academy_decisions_dec' exec=0
IsValid: 'open_academy_decisions_dec' exec=0
IsValid: 'open_academy_decisions_dec' exec=0
IsValid: 'open_academy_decisions_dec' exec=0
IsValid: 'open_academy_decisions_dec' exec=0
SetupButton: subscribed, view=5F6DD4C8 button=6F629A80
---- Install ----
base   = 005C0000
onMake = 0089CE10
patch techview = 1, orig = 0096BD70
patch decision = 1, orig = 00BF1490  (ожидаем 00BF1490)
DllMain: attach, Install = 1
IsValid: 'open_academy_decisions_dec' exec=0
IsValid: 'open_academy_decisions_dec' exec=0
IsValid: 'open_academy_decisions_dec' exec=0
IsValid: 'open_academy_decisions_dec' exec=0
IsValid: 'open_academy_decisions_dec' exec=0
IsValid: 'open_academy_decisions_dec' exec=0
IsValid: 'open_academy_decisions_dec' exec=0
IsValid: 'open_academy_decisions_dec' exec=0
IsValid: 'open_academy_decisions_dec' exec=0
IsValid: 'open_academy_decisions_dec' exec=0
IsValid: 'open_academy_decisions_dec' exec=0
IsValid: 'open_academy_decisions_dec' exec=0
IsValid: 'open_academy_decisions_dec' exec=0
IsValid: 'open_academy_decisions_dec' exec=0
IsValid: 'open_academy_decisions_dec' exec=0
IsValid: 'open_academy_decisions_dec' exec=0
IsValid: 'open_academy_decisions_dec' exec=0
IsValid: 'open_academy_decisions_dec' exec=0
IsValid: 'open_academy_decisions_dec' exec=0
IsValid: 'open_academy_decisions_dec' exec=0
IsValid: 'open_academy_decisions_dec' exec=0
IsValid: 'open_academy_decisions_dec' exec=0
IsValid: 'open_academy_decisions_dec' exec=0
IsValid: 'open_academy_decisions_dec' exec=0
IsValid: 'open_academy_decisions_dec' exec=0
IsValid: 'open_academy_decisions_dec' exec=0
IsValid: 'open_academy_decisions_dec' exec=0
IsValid: 'open_academy_decisions_dec' exec=0
IsValid: 'open_academy_decisions_dec' exec=0
IsValid: 'open_academy_decisions_dec' exec=0
IsValid: 'open_academy_decisions_dec' exec=0
IsValid: 'open_academy_decisions_dec' exec=0
IsValid: 'open_academy_decisions_dec' exec=0
IsValid: 'open_academy_decisions_dec' exec=0
IsValid: 'open_academy_decisions_dec' exec=0
IsValid: 'open_academy_decisions_dec' exec=0
IsValid: 'open_academy_decisions_dec' exec=0
IsValid: 'open_academy_decisions_dec' exec=0
IsValid: 'open_academy_decisions_dec' exec=0
IsValid: 'open_academy_decisions_dec' exec=0
SetupButton: subscribed, view=5FEE02A0 button=6F5E1B30
