
======== CRASH 2026-09-13 12:06:37.952 dll=3.07 pid=20980 tid=17656 ========
  fpu_cw=0109001F mxcsr=00009FE1
  oos_hits=0 sync_hits=0 last=none
  code=C0000005 (ACCESS_VIOLATION)
  fault=6AE124A8  lua51.dll+0x24A8
  av_read addr=76650C05
  eax=76650909 ebx=2E8DE548 ecx=016FD901 edx=2E8DE500 esi=0000003F edi=2E8DE568
  ebp=016FD98C esp=016FD93C eip=6AE124A8 eflags=00010206
  eip=6AE124A8  lua51.dll+0x24A8
  code_eip-8 30 01 00 00 85 C0 74 55  8B B0 FC 02 00 00 8B 50
  pointed:
  eax=76650909 unreadable
  ebx=2E8DE548 00CBDAC0 0000018D 00000000 2FD34870 00000000 00000000 0000270F 00000D51
  ecx=016FD901 00000000 00000000 00000000 48000000 0884DB0C 2C52D8C5 8C016FD9 00001A00
  edx=2E8DE500 00000000 00000000 00000000 00000000 00000000 00000000 00000000 00000000
  esi=0000003F unreadable
  edi=2E8DE568 61626F74 5F6F6363 74636166 0079726F 0000000F 0000000F 00000000 302E7F28
  esp=016FD93C 8467E868 0000000C 00000000 61626F74 5F6F6363 74636166 0079726F 84A0D168
  stack:
    [0]=6AE124A8  lua51.dll+0x24A8
    [1]=6AE1252F  lua51.dll+0x252F
    [2]=005B9759  v2game.exe+0x2F9759
    [3]=005BE3D3  v2game.exe+0x2FE3D3
    [4]=005FD6C7  v2game.exe+0x33D6C7
    [5]=008B0162  v2game.exe+0x5F0162
    [6]=00863E9F  v2game.exe+0x5A3E9F
    [7]=00517D3F  v2game.exe+0x257D3F
    [8]=005162D2  v2game.exe+0x2562D2
    [9]=0089F966  v2game.exe+0x5DF966
    [10]=0083E0CD  v2game.exe+0x57E0CD
    [11]=00970F3E  v2game.exe+0x6B0F3E
    [12]=76A4FCC9  KERNEL32.DLL+0x1FCC9
    [13]=774182AE  ntdll.dll+0x682AE
    [14]=7741827E  ntdll.dll+0x6827E
    [15]=00000000
  source:
  source_objects:
    eax=76650909  vptr=00000000  unreadable
    ecx=016FD901  vptr=00000000  null-vtable
    esi=0000003F  vptr=00000000  unreadable
    edi=2E8DE568  vptr=61626F74  vtable-outside-exe
    ebx=2E8DE548  CBuilding  vptr=00CBDAC0  vtable-in-exe
    edx=2E8DE500  vptr=00000000  null-vtable
  source_keys:
    stack=8467E868  CBuildFactoryWindow  vptr=00CCFCF0  vtable-in-exe
    stack=84A0D168  CBuildingItem  vptr=00CCFFDC  vtable-in-exe
    stack=5214E028  CInGameIdler  vptr=00CCA34C  vtable-in-exe
    stack=3852D608  CCountry  vptr=00CBFACC  vtable-in-exe
    stack=3E5142D8  CProductionView  vptr=00CCFECC  vtable-in-exe
    backAdapter  va=6C697562  (heap)
    stack=2F3C3110  CEU3Gui  vptr=00CC8A44  vtable-in-exe
    stack=4AC9E4B0  CState  vptr=00CBD78C  vtable-in-exe
    stack=7D41E0A0  CProvinceView  vptr=00CD3768  vtable-in-exe
    stack=4AD0A900  CBattlePlanManager  vptr=00CAE08C  vtable-in-exe
    stack=052AEE08  CEU3Application  vptr=00CC845C  vtable-in-exe
    fe_buildfactory_label  va=4D0B12D8  (heap)
    HalT  va=7FFEA000  (heap)
  dump=v2dll_crash_20260913_120637_20980_17656_1.dmp type=00001821 size=24930779

======== CRASH 2026-09-14 12:26:50.945 dll=3.21 pid=28860 tid=28872 ========
  fpu_cw=0109001F mxcsr=00009FF9
  oos_hits=0 sync_hits=0 last=none
  code=C0000005 (ACCESS_VIOLATION)
  fault=010115EB  v2game.exe+0xD15EB
  av_read addr=00000128
  eax=303A40B0 ebx=00000000 ecx=00010000 edx=00000000 esi=00000001 edi=53FDA450
  ebp=0233D7A4 esp=0233D628 eip=010115EB eflags=00010206
  eip=010115EB  v2game.exe+0xD15EB
  code_eip-8 47 18 8B 98 2C 01 00 00  8B 83 28 01 00 00 8B CA
  pointed:
  eax=303A40B0 0193DAF0 0000018D 00000000 30F5AFA0 0191D998 00000000 0000270F 00000D45
  [eax+14]=00000000
  [eax+18]=0000270F unreadable
  ebx=00000000
  ecx=00010000 unreadable
  edx=00000000
  esi=00000001 unreadable
  edi=53FDA450 0193E1F8 4C2F7100 0193E21C 0000018D 00000000 30F5AFA0 303A40B0 82BF3C78
  esp=0233D628 3C2D6A84 825C0BA8 00000220 00000002 00000000 53FDBB20 00004000 00000000
  stack:
    [0]=010115EB  v2game.exe+0xD15EB
    [1]=010620BC  v2game.exe+0x1220BC
    [2]=0117F076  v2game.exe+0x23F076
    [3]=0113B5A6  v2game.exe+0x1FB5A6
    [4]=0152E524  v2game.exe+0x5EE524
    [5]=01530162  v2game.exe+0x5F0162
    [6]=014E3E9F  v2game.exe+0x5A3E9F
    [7]=01138703  v2game.exe+0x1F8703
    [8]=0151F966  v2game.exe+0x5DF966
    [9]=014BE0CD  v2game.exe+0x57E0CD
    [10]=015F0F3E  v2game.exe+0x6B0F3E
    [11]=76A4FCC9  KERNEL32.DLL+0x1FCC9
    [12]=774182AE  ntdll.dll+0x682AE
    [13]=7741827E  ntdll.dll+0x6827E
    [14]=00000000
  source:
  known_site: none (new rva 0D15EB - смотреть keys/objects)
  source_objects:
    eax=303A40B0  CNullBuilding  vptr=0193DAF0  vtable-in-exe
    ecx=00010000  vptr=00000000  unreadable
    esi=00000001  vptr=00000000  unreadable
    edi=53FDA450  CStateBuilding  vptr=0193E1F8  vtable-in-exe
  source_keys:
    stack=53FDBB20  CStateBuilding  vptr=0193E1F8  vtable-in-exe
    stack=53FDDBF0  CStateEmployment  vptr=0193D3EC  vtable-in-exe
    stack=4C0D1180  CStateBuilding  vptr=0193E1F8  vtable-in-exe
    stack=82BF0758  CState  vptr=0193D78C  vtable-in-exe
    stack=301D0150  CCountry  vptr=0193FACC  vtable-in-exe
    stack=35D15590  CTechnologyStatus  vptr=01940BC0  vtable-in-exe
    stack=31446600  CProductionType  vptr=0193DBFC  vtable-in-exe
    stack=3762D548  CMapProvince  vptr=0193D310  vtable-in-exe
    stack=301DA288  CCountry  vptr=0193FACC  vtable-in-exe
    stack=82BF3C78  CState  vptr=0193D78C  vtable-in-exe
    stack=045CD3F8  CCurrentGameState  vptr=0194AE84  vtable-in-exe
    stack=82BFE920  CState  vptr=0193D78C  vtable-in-exe
    HalT  va=7FFEA000  (heap)
  dump=v2dll_crash_20260914_122650_28860_28872_1.dmp type=00001821 size=25228854
