ИИ: кандидат на расширение отклонён ? [CIV grain_factory] ур.1 занятость 3% (порог 90%)
ИИ: кандидат на расширение отклонён ? [KAG grain_factory] ур.1 занятость 77% (порог 90%)
ИИ: кандидат на расширение отклонён ? [SEN grain_factory] ур.1 занятость 61% (порог 90%)
ИИ: кандидат на расширение отклонён ? [USG grain_factory] ур.1 занятость 84% (порог 90%)
ИИ: кандидат на расширение отклонён ? [DEI grain_factory] ур.1 занятость 20% (порог 90%)
ИИ: кандидат на расширение отклонён ? [DEI grain_factory] ур.1 занятость 41% (порог 90%)
ИИ: кандидат на расширение отклонён ? [DEI grain_factory] ур.1 занятость 71% (порог 90%)
ИИ: кандидат на расширение отклонён ? [DEI grain_factory] ур.1 занятость 24% (порог 90%)
ИИ: кандидат на расширение отклонён ? [BNG grain_factory] ур.1 занятость 73% (порог 90%)
ИИ: кандидат на расширение отклонён ? [EIC grain_factory] ур.2 занятость 53% (порог 90%)
ИИ: кандидат на расширение отклонён ? [EIC grain_factory] ур.1 занятость 33% (порог 90%)
ИИ: кандидат на расширение отклонён ? [EIC grain_factory] ур.1 занятость 46% (порог 90%)
ИИ: кандидат на расширение отклонён ? [EIC grain_factory] ур.1 занятость 68% (порог 90%)
ИИ: кандидат на расширение отклонён ? [EIC grain_factory] ур.2 занятость 52% (порог 90%)
ИИ: кандидат на расширение отклонён ? [EIC grain_factory] ур.1 занятость 75% (порог 90%)
ИИ: кандидат на расширение отклонён ? [EIC grain_factory] ур.1 занятость 40% (порог 90%)
ИИ: кандидат на расширение отклонён ? [EIC grain_factory] ур.1 занятость 38% (порог 90%)
ИИ: кандидат на расширение отклонён ? [EIC grain_factory] ур.1 занятость 13% (порог 90%)
ИИ: кандидат на расширение отклонён ? [BEN grain_factory] ур.1 занятость 59% (порог 90%)
ИИ: кандидат на расширение отклонён ? [OYO grain_factory] ур.1 занятость 52% (порог 90%)
ИИ: кандидат на расширение отклонён ? [LWC grain_factory] ур.1 занятость 20% (порог 90%)
ИИ: кандидат на расширение отклонён ? [FIN grain_factory] ур.1 занятость 39% (порог 90%)
ИИ: кандидат на расширение отклонён ? [FIN grain_factory] ур.1 занятость 61% (порог 90%)
ИИ: кандидат на расширение отклонён ? [NET grain_factory] ур.1 занятость 44% (порог 90%)
ИИ: кандидат на расширение отклонён ? [NET grain_factory] ур.1 занятость 61% (порог 90%)
ИИ: кандидат на расширение отклонён ? [NET grain_factory] ур.1 занятость 46% (порог 90%)
ИИ: кандидат на расширение отклонён ? [BRA grain_factory] ур.1 занятость 38% (порог 90%)
ИИ: кандидат на расширение отклонён ? [BRE grain_factory] ур.1 занятость 26% (порог 90%)
ИИ: кандидат на расширение отклонён ? [HAM grain_factory] ур.1 занятость 23% (порог 90%)
ИИ: кандидат на расширение отклонён ? [HAN grain_factory] ур.1 занятость 43% (порог 90%)
ИИ: кандидат на расширение отклонён ? [HAN grain_factory] ур.1 занятость 54% (порог 90%)
ИИ: кандидат на расширение отклонён ? [HAN grain_factory] ур.1 занятость 39% (порог 90%)
ИИ: кандидат на расширение отклонён ? [LUB grain_factory] ур.1 занятость 5% (порог 90%)
ИИ: кандидат на расширение отклонён ? [WUR grain_factory] ур.2 занятость 37% (порог 90%)
ИИ: кандидат на расширение отклонён ? [AFG grain_factory] ур.1 занятость 53% (порог 90%)
ИИ: кандидат на расширение отклонён ? [AFG grain_factory] ур.1 занятость 52% (порог 90%)
ИИ: кандидат на расширение отклонён ? [AFG grain_factory] ур.1 занятость 46% (порог 90%)
ИИ: кандидат на расширение отклонён ? [YEM grain_factory] ур.1 занятость 31% (порог 90%)
ИИ: кандидат на расширение отклонён ? [AWA grain_factory] ур.1 занятость 84% (порог 90%)
ИИ: кандидат на расширение отклонён ? [BUN grain_factory] ур.1 занятость 69% (порог 90%)
ИИ: кандидат на расширение отклонён ? [PAN grain_factory] ур.1 занятость 37% (порог 90%)
ИИ: кандидат на расширение отклонён ? [PAN grain_factory] ур.1 занятость 48% (порог 90%)
ИИ: кандидат на расширение отклонён ? [PAN grain_factory] ур.1 занятость 80% (порог 90%)
ИИ: кандидат на расширение отклонён ? [SIN grain_factory] ур.1 занятость 43% (порог 90%)
ИИ: кандидат на расширение отклонён ? [CAM grain_factory] ур.1 занятость 26% (порог 90%)
ИИ: кандидат на расширение отклонён ? [SIA grain_factory] ур.1 занятость 63% (порог 90%)
ИИ: кандидат на расширение отклонён ? [SIA grain_factory] ур.1 занятость 28% (порог 90%)
ИИ: кандидат на расширение отклонён ? [SIA grain_factory] ур.1 занятость 37% (порог 90%)
ИИ: кандидат на расширение отклонён ? [SIA grain_factory] ур.1 занятость 7% (порог 90%)
ИИ: кандидат на расширение отклонён ? [COL grain_factory] ур.1 занятость 3% (порог 90%)
ИИ: кандидат на расширение отклонён ? [CHL grain_factory] ур.1 занятость 47% (порог 90%)
ИИ: кандидат на расширение отклонён ? [CHO grain_factory] ур.1 занятость 69% (порог 90%)
ИИ: кандидат на расширение отклонён ? [KYO grain_factory] ур.1 занятость 72% (порог 90%)
ИИ: кандидат на расширение отклонён ? [BIH grain_factory] ур.1 занятость 77% (порог 90%)
ИИ: кандидат на расширение отклонён ? [SOK grain_factory] ур.1 занятость 57% (порог 90%)
ИИ: кандидат на расширение отклонён ? [DAH grain_factory] ур.1 занятость 39% (порог 90%)
ИИ: кандидат на расширение отклонён ? [MOS grain_factory] ур.1 занятость 30% (порог 90%)
ИИ: кандидат на расширение отклонён ? [ASH grain_factory] ур.1 занятость 73% (порог 90%)
ИИ: кандидат на расширение отклонён ? [GAZ grain_factory] ур.1 занятость 37% (порог 90%)
ИИ: кандидат на расширение отклонён ? [LUN grain_factory] ур.1 занятость 47% (порог 90%)
ИИ: кандидат на расширение отклонён ? [PRU grain_factory] ур.1 занятость 56% (порог 90%)
ИИ: кандидат на расширение отклонён ? [PRU grain_factory] ур.1 занятость 54% (порог 90%)
ИИ: кандидат на расширение отклонён ? [PRU grain_factory] ур.2 занятость 45% (порог 90%)
ИИ: кандидат на расширение отклонён ? [PRU grain_factory] ур.1 занятость 2% (порог 90%)
ИИ: кандидат на расширение отклонён ? [PRU grain_factory] ур.1 занятость 65% (порог 90%)
ИИ: кандидат на расширение отклонён ? [PRU grain_factory] ур.1 занятость 61% (порог 90%)
ИИ: кандидат на расширение отклонён ? [USA grain_factory] ур.1 занятость 68% (порог 90%)
ИИ: кандидат на расширение отклонён ? [USA grain_factory] ур.1 занятость 28% (порог 90%)
ИИ: кандидат на расширение отклонён ? [USA grain_factory] ур.1 занятость 45% (порог 90%)
ИИ: кандидат на расширение отклонён ? [BRZ grain_factory] ур.1 занятость 32% (порог 90%)
ИИ: кандидат на расширение отклонён ? [BRZ grain_factory] ур.1 занятость 6% (порог 90%)
ИИ: кандидат на расширение отклонён ? [BRZ grain_factory] ур.1 занятость 4% (порог 90%)
ИИ: кандидат на расширение отклонён ? [BRZ grain_factory] ур.1 занятость 9% (порог 90%)
ИИ: кандидат на расширение отклонён ? [BRZ grain_factory] ур.1 занятость 47% (порог 90%)
ИИ: кандидат на расширение отклонён ? [BRZ grain_factory] ур.1 занятость 19% (порог 90%)
ИИ: кандидат на расширение отклонён ? [BRZ grain_factory] ур.1 занятость 55% (порог 90%)
ИИ: кандидат на расширение отклонён ? [BRZ grain_factory] ур.1 занятость 35% (порог 90%)
ИИ: кандидат на расширение отклонён ? [DEN grain_factory] ур.1 занятость 54% (порог 90%)
ИИ: кандидат на расширение отклонён ? [DEN grain_factory] ур.1 занятость 50% (порог 90%)
ИИ: кандидат на расширение отклонён ? [DEN grain_factory] ур.1 занятость 42% (порог 90%)
ИИ: кандидат на расширение отклонён ? [SWE grain_factory] ур.2 занятость 37% (порог 90%)
ИИ: кандидат на расширение отклонён ? [POR grain_factory] ур.1 занятость 52% (порог 90%)
ИИ: кандидат на расширение отклонён ? [POR grain_factory] ур.1 занятость 53% (порог 90%)
ИИ: кандидат на расширение отклонён ? [POR grain_factory] ур.1 занятость 68% (порог 90%)
ИИ: кандидат на расширение отклонён ? [POR grain_factory] ур.1 занятость 24% (порог 90%)
ИИ: кандидат на расширение отклонён ? [POR grain_factory] ур.1 занятость 25% (порог 90%)
ИИ: кандидат на расширение отклонён ? [HES grain_factory] ур.1 занятость 69% (порог 90%)
ИИ: кандидат на расширение отклонён ? [HEK grain_factory] ур.1 занятость 39% (порог 90%)
ИИ: кандидат на расширение отклонён ? [NAS grain_factory] ур.1 занятость 35% (порог 90%)
ИИ: кандидат на расширение отклонён ? [OLD grain_factory] ур.1 занятость 45% (порог 90%)
ИИ: кандидат на расширение отклонён ? [BAD grain_factory] ур.1 занятость 36% (порог 90%)
ИИ: кандидат на расширение отклонён ? [MOD grain_factory] ур.1 занятость 46% (порог 90%)
ИИ: кандидат на расширение отклонён ? [PAP grain_factory] ур.1 занятость 62% (порог 90%)
ИИ: кандидат на расширение отклонён ? [PAP grain_factory] ур.1 занятость 70% (порог 90%)
ИИ: кандидат на расширение отклонён ? [PAP grain_factory] ур.1 занятость 64% (порог 90%)
ИИ: кандидат на расширение отклонён ? [SAR grain_factory] ур.1 занятость 67% (порог 90%)
ИИ: кандидат на расширение отклонён ? [SAR grain_factory] ур.1 занятость 48% (порог 90%)
ИИ: кандидат на расширение отклонён ? [SAR grain_factory] ур.1 занятость 57% (порог 90%)
ИИ: кандидат на расширение отклонён ? [TUS grain_factory] ур.1 занятость 55% (порог 90%)
ИИ: кандидат на расширение отклонён ? [WAL grain_factory] ур.1 занятость 53% (порог 90%)
ИИ: кандидат на расширение отклонён ? [EGY grain_factory] ур.1 занятость 14% (порог 90%)
ИИ: кандидат на расширение отклонён ? [EGY grain_factory] ур.1 занятость 24% (порог 90%)
ИИ: кандидат на расширение отклонён ? [EGY grain_factory] ур.1 занятость 35% (порог 90%)
ИИ: кандидат на расширение отклонён ? [EGY grain_factory] ур.1 занятость 51% (порог 90%)
ИИ: кандидат на расширение отклонён ? [EGY grain_factory] ур.1 занятость 48% (порог 90%)
ИИ: кандидат на расширение отклонён ? [EGY grain_factory] ур.1 занятость 28% (порог 90%)
ИИ: кандидат на расширение отклонён ? [TRN grain_factory] ур.1 занятость 40% (порог 90%)
ИИ: кандидат на расширение отклонён ? [KHI grain_factory] ур.1 занятость 10% (порог 90%)
ИИ: кандидат на расширение отклонён ? [KHI grain_factory] ур.1 занятость 18% (порог 90%)
ИИ: кандидат на расширение отклонён ? [KOK grain_factory] ур.1 занятость 42% (порог 90%)
ИИ: кандидат на расширение отклонён ? [KOK grain_factory] ур.1 занятость 8% (порог 90%)
ИИ: кандидат на расширение отклонён ? [PER grain_factory] ур.1 занятость 60% (порог 90%)
ИИ: кандидат на расширение отклонён ? [PER grain_factory] ур.1 занятость 55% (порог 90%)
ИИ: кандидат на расширение отклонён ? [PER grain_factory] ур.1 занятость 40% (порог 90%)
ИИ: кандидат на расширение отклонён ? [PER grain_factory] ур.1 занятость 57% (порог 90%)
ИИ: кандидат на расширение отклонён ? [PER grain_factory] ур.1 занятость 24% (порог 90%)
ИИ: кандидат на расширение отклонён ? [KAL grain_factory] ур.1 занятость 33% (порог 90%)
ИИ: кандидат на расширение отклонён ? [MEW grain_factory] ур.1 занятость 23% (порог 90%)
ИИ: кандидат на расширение отклонён ? [NEP grain_factory] ур.1 занятость 37% (порог 90%)
ИИ: кандидат на расширение отклонён ? [BAL grain_factory] ур.1 занятость 40% (порог 90%)
ИИ: кандидат на расширение отклонён ? [BRU grain_factory] ур.1 занятость 20% (порог 90%)
ИИ: кандидат на расширение отклонён ? [BUR grain_factory] ур.1 занятость 36% (порог 90%)
ИИ: кандидат на расширение отклонён ? [BUR grain_factory] ур.1 занятость 51% (порог 90%)
ИИ: кандидат на расширение отклонён ? [BUR grain_factory] ур.1 занятость 20% (порог 90%)
ИИ: кандидат на расширение отклонён ? [CHI grain_factory] ур.1 занятость 41% (порог 90%)
ИИ: кандидат на расширение отклонён ? [CHI grain_factory] ур.1 занятость 33% (порог 90%)
ИИ: кандидат на расширение отклонён ? [CHI grain_factory] ур.1 занятость 47% (порог 90%)
ИИ: кандидат на расширение отклонён ? [CHI grain_factory] ур.1 занятость 33% (порог 90%)
ИИ: кандидат на расширение отклонён ? [CHI grain_factory] ур.1 занятость 48% (порог 90%)
ИИ: кандидат на расширение отклонён ? [CHI grain_factory] ур.1 занятость 43% (порог 90%)
ИИ: кандидат на расширение отклонён ? [CHI grain_factory] ур.2 занятость 51% (порог 90%)
ИИ: кандидат на расширение отклонён ? [CHI grain_factory] ур.1 занятость 37% (порог 90%)
ИИ: кандидат на расширение отклонён ? [CHI grain_factory] ур.1 занятость 31% (порог 90%)
ИИ: кандидат на расширение отклонён ? [CHI grain_factory] ур.1 занятость 44% (порог 90%)
ИИ: кандидат на расширение отклонён ? [CHI grain_factory] ур.2 занятость 31% (порог 90%)
ИИ: кандидат на расширение отклонён ? [CHI grain_factory] ур.1 занятость 35% (порог 90%)
ИИ: кандидат на расширение отклонён ? [CHI grain_factory] ур.1 занятость 45% (порог 90%)
ИИ: кандидат на расширение отклонён ? [CHI grain_factory] ур.1 занятость 44% (порог 90%)
ИИ: кандидат на расширение отклонён ? [CHI grain_factory] ур.1 занятость 35% (порог 90%)
ИИ: кандидат на расширение отклонён ? [CHI grain_factory] ур.1 занятость 24% (порог 90%)
ИИ: кандидат на расширение отклонён ? [CHI grain_factory] ур.1 занятость 21% (порог 90%)
ИИ: кандидат на расширение отклонён ? [CHI grain_factory] ур.1 занятость 44% (порог 90%)
ИИ: кандидат на расширение отклонён ? [CHI grain_factory] ур.2 занятость 27% (порог 90%)
ИИ: кандидат на расширение отклонён ? [CHI grain_factory] ур.1 занятость 45% (порог 90%)
ИИ: кандидат на расширение отклонён ? [CHI grain_factory] ур.1 занятость 50% (порог 90%)
ИИ: кандидат на расширение отклонён ? [CHI grain_factory] ур.2 занятость 49% (порог 90%)
ИИ: кандидат на расширение отклонён ? [CHI grain_factory] ур.1 занятость 37% (порог 90%)
ИИ: кандидат на расширение отклонён ? [CHI grain_factory] ур.1 занятость 48% (порог 90%)
ИИ: кандидат на расширение отклонён ? [CHI grain_factory] ур.1 занятость 32% (порог 90%)
ИИ: кандидат на расширение отклонён ? [CHI grain_factory] ур.1 занятость 15% (порог 90%)
ИИ: кандидат на расширение отклонён ? [CHI grain_factory] ур.1 занятость 37% (порог 90%)
ИИ: кандидат на расширение отклонён ? [DAI grain_factory] ур.1 занятость 69% (порог 90%)
ИИ: кандидат на расширение отклонён ? [DAI grain_factory] ур.1 занятость 71% (порог 90%)
ИИ: кандидат на расширение отклонён ? [DAI grain_factory] ур.1 занятость 49% (порог 90%)
ИИ: кандидат на расширение отклонён ? [JOH grain_factory] ур.1 занятость 26% (порог 90%)
ИИ: кандидат на расширение отклонён ? [ARG grain_factory] ур.1 занятость 32% (порог 90%)
ИИ: кандидат на расширение отклонён ? [CLM grain_factory] ур.1 занятость 41% (порог 90%)
ИИ: кандидат на расширение отклонён ? [CLM grain_factory] ур.1 занятость 35% (порог 90%)
ИИ: кандидат на расширение отклонён ? [CLM grain_factory] ур.1 занятость 18% (порог 90%)
ИИ: кандидат на расширение отклонён ? [CLM grain_factory] ур.1 занятость 18% (порог 90%)
